pr_bndry                   drawing  0    0   
latchup_mk                 marking  137  5   
mcell_mk                   marking  11   17  
nat_vt                     drawing  5    0   
deep_nwell                 drawing  12   0   
Nwell                      drawing  21   0   
Comp                       drawing  22   0   
Comp                       label    22   10  
Comp                       dummy    22   4 
esd                        drawing  24   0   
Poly2                      drawing  30   0   
Poly2                      label    30   10  
Poly2                      pin      30   0   
Poly2                      net      30   0   
Poly2                      boundary 30   0   
Poly2                      dummy    30   4   
Pplus                      drawing  31   0   
Nplus                      drawing  32   0   
Cont                       drawing  33   0   
Metal1                     drawing  34   0   
Metal1                     pin      34   0   
Metal1                     label    34   10  
Metal1                     dummy    34   4   
Metal1                     Blockage 34   5   
Via1                       drawing  35   0  
Metal2                     drawing  36   0   
Metal2                     pin      36   0   
Metal2                     label    36   10  
Metal2                     dummy    36   4   
Metal2                     Blockage 36   5   
Via2                       drawing  38   0   
Metal3                     drawing  42   0   
Metal3                     pin      42   0   
Metal3                     label    42   10  
Metal3                     dummy    42   4   
Metal3                     Blockage 42   5   
Via3                       drawing  40   0   
Metal4                     drawing  46   0   
Metal4                     pin      46   0   
Metal4                     label    46   10  
Metal4                     dummy    46   4   
Metal4                     Blockage 46   5   
Via4                       drawing  41   0   
Metal5                     drawing  81   0   
Metal5                     pin      81   0   
Metal5                     label    81   10  
Metal5                     dummy    81   4   
Metal5                     Blockage 81   5   
Via5                       drawing  82   0   
Metaltop                   drawing  53   0   
Metaltop                   pin      53   0   
Metaltop                   label    53   10  
Metaltop                   dummy    53   4   
Metaltop                   Blockage 53   5   
pad                      drawing  37   0   
pad                      label    37   10  
salblk                   drawing  49   0   
dualv                    drawing  55   0   
text                     drawing  58   0   
resistoR                 drawing  62   0   
lvs_rf                   drawing  100  5   
fusetop                  drawing  75   0   
fusetop2                 drawing  215  0   
fusewinDOW               drawing  96   0   
lowvt                    drawing  87   0   
g1cell1                  drawing  101  5   
g1cell2                  drawing  102  5   
g1cell3                  drawing  103  5   
g2cell1                  drawing  104  5   
g2cell2                  drawing  105  5   
g2cell3                  drawing  106  5   
g3cell1                  drawing  107  5   
g3cell2                  drawing  108  5   
g3cell3                  drawing  109  5   
res_mrk                  drawing  110  5   
res_mrk                  metal1   110  11  
res_mrk                  metal2   110  12  
res_mrk                  metal3   110  13  
res_mrk                  metal4   110  14  
res_mrk                  metal5   110  15  
res_mrk                  TOPMetal   110  16  
res_mrk                  Metal_Rec 110  4   
res_mrk_TYPE1            drawing  26   17
ndmy                     drawing  111  5   
diode_mK                 drawing  115  5   
well_diODE_MK            drawing  153  51   
m_dio                    drawing  116  5   
lvs_cap                  drawing  117  5   
mim_l_mK                 drawing  117  10  
lvs_bjt                  drawing  118  5   
lvs_io                   drawing  119  5   
piscap                   drawing  120  0   
ind_mrk                  drawing  151  5   
lvs_rf                   VSIA     63   63  
lvs_psuB2                marking  23   5   
otpgate                  drawing  225  0   
lvs_draIN                drawing  100  7   
ga_mk                    drawing  158  6   
pa_mk                    drawing  159  6   
dvnwell                  drawing  181  0   
ldmos_xTOR               drawing  226  0   
hvnddd                   drawing  202  0   
hvpddd                   drawing  197  0   
lvldnsd                  drawing  15   39  
lvldpsd                  drawing  14   39  
ppwell                   drawing  236  0   
viardl                   drawing  170  0   
metalrdL                 drawing  171  0   
metalrdL                 label    171  10  
ubmpperi                 drawing  183  0   
ubmparray                drawing  184  0   
ubmeplate                drawing  185  0   
probe_mK                 drawing  13   17  
guard_rING_MK            drawing  167  5   
schottky_diode           drawing  241  0   
8v_mk                    marking  52   8  
base			 drawing  123  0
pnpbase			 drawing  191  0
emitter			 drawing  124  0
emipoly			 drawing  132  0
sic			 drawing  131  0
buriedpP		 drawing  121  0
drc_bjt			 drawing  127  5